--- Startup times for process: Primary/TUI ---

times in msec
 clock   self+sourced   self:  sourced script
 clock   elapsed:              other lines

000.002  000.002: --- NVIM STARTING ---
000.272  000.270: event init
000.368  000.096: early init
000.426  000.058: locale set
000.484  000.059: init first window
000.816  000.331: inits 1
000.833  000.018: window checked
000.897  000.064: parsing arguments
001.448  000.040  000.040: require('vim.shared')
001.535  000.042  000.042: require('vim.inspect')
001.597  000.049  000.049: require('vim._options')
001.599  000.148  000.056: require('vim._editor')
001.601  000.242  000.054: require('vim._init_packages')
001.602  000.464: init lua interpreter
002.402  000.799: --- NVIM STARTED ---

--- Startup times for process: Embedded ---

times in msec
 clock   self+sourced   self:  sourced script
 clock   elapsed:              other lines

000.002  000.002: --- NVIM STARTING ---
000.159  000.157: event init
000.232  000.073: early init
000.274  000.042: locale set
000.315  000.041: init first window
000.562  000.247: inits 1
000.574  000.012: window checked
000.622  000.048: parsing arguments
001.047  000.044  000.044: require('vim.shared')
001.117  000.034  000.034: require('vim.inspect')
001.160  000.033  000.033: require('vim._options')
001.161  000.112  000.045: require('vim._editor')
001.162  000.180  000.024: require('vim._init_packages')
001.163  000.362: init lua interpreter
001.236  000.073: expanding arguments
001.257  000.021: inits 2
001.499  000.242: init highlight
001.500  000.001: waiting for UI
001.629  000.129: done waiting for UI
001.632  000.004: clear screen
001.685  000.006  000.006: require('vim.keymap')
002.359  000.725  000.719: require('vim._defaults')
002.361  000.004: init default mappings & autocommands
002.858  000.056  000.056: sourcing /usr/share/nvim/runtime/ftplugin.vim
002.929  000.028  000.028: sourcing /usr/share/nvim/runtime/indent.vim
003.094  000.109  000.109: sourcing /usr/share/nvim/archlinux.lua
003.099  000.141  000.032: sourcing /etc/xdg/nvim/sysinit.vim
003.570  000.349  000.349: require('settings')
004.016  000.389  000.389: require('plugins')
004.137  000.120  000.120: require('lazy')
004.176  000.031  000.031: require('ffi')
004.244  000.029  000.029: require('vim.fs')
004.331  000.083  000.083: require('vim.uri')
004.340  000.159  000.047: require('vim.loader')
004.630  000.277  000.277: require('lazy.stats')
004.716  000.069  000.069: require('lazy.core.util')
004.780  000.063  000.063: require('lazy.core.config')
004.940  000.053  000.053: require('lazy.core.handler')
005.044  000.103  000.103: require('lazy.core.plugin')
005.051  000.270  000.114: require('lazy.core.loader')
005.752  000.075  000.075: require('lazy.core.handler.keys')
005.901  000.099  000.099: require('lazy.core.handler.event')
005.903  000.147  000.048: require('lazy.core.handler.ft')
006.052  000.143  000.143: require('lazy.core.handler.cmd')
006.176  000.049  000.049: sourcing /home/andyb/.local/share/nvim/lazy/go.nvim/ftdetect/filetype.vim
006.496  000.218  000.218: sourcing /usr/share/nvim/runtime/filetype.lua
007.391  000.069  000.069: require('gitsigns.async')
007.445  000.052  000.052: require('gitsigns.debug.log')
007.537  000.091  000.091: require('gitsigns.config')
007.539  000.737  000.525: require('gitsigns')
007.741  000.079  000.079: require('gitsigns.highlight')
008.117  000.050  000.050: require('gitsigns.debounce')
008.195  000.008  000.008: sourcing /home/andyb/.local/share/nvim/lazy/which-key.nvim/plugin/which-key.vim
008.981  000.078  000.078: require('which-key.util')
008.986  000.179  000.101: require('which-key.tree')
009.140  000.153  000.153: require('which-key.config')
009.154  000.457  000.125: require('which-key.keys')
009.157  000.896  000.439: require('which-key')
009.585  000.244  000.244: sourcing /home/andyb/.local/share/nvim/lazy/vim-sleuth/plugin/sleuth.vim
010.419  000.084  000.084: require('gen.prompts')
010.449  000.471  000.387: require('gen')
010.450  000.511  000.040: sourcing /home/andyb/.local/share/nvim/lazy/gen.nvim/plugin/gen.lua
010.659  000.028  000.028: sourcing /home/andyb/.local/share/nvim/lazy/vim-sparql/ftdetect/sparql.vim
012.091  000.852  000.852: require('vim.filetype')
012.771  000.029  000.029: require('luasnip.util.types')
012.774  000.097  000.068: require('luasnip.util.ext_opts')
012.929  000.067  000.067: require('luasnip.util.lazy_table')
012.975  000.045  000.045: require('luasnip.extras.filetype_functions')
012.980  000.176  000.064: require('luasnip.default_config')
012.982  000.207  000.031: require('luasnip.session')
012.984  000.693  000.389: require('luasnip.config')
013.157  000.086  000.086: require('luasnip.util.util')
013.296  000.056  000.056: require('luasnip.nodes.key_indexer')
013.302  000.143  000.087: require('luasnip.nodes.util')
013.448  000.084  000.084: require('luasnip.session.snippet_collection.source')
013.488  000.038  000.038: require('luasnip.util.table')
013.534  000.045  000.045: require('luasnip.util.auto_table')
013.544  000.241  000.074: require('luasnip.session.snippet_collection')
013.712  000.069  000.069: require('luasnip.util.select')
013.750  000.036  000.036: require('luasnip.util.time')
014.060  000.472  000.367: require('luasnip.util._builtin_vars')
014.154  000.609  000.137: require('luasnip.util.environ')
014.221  000.065  000.065: require('luasnip.util.extend_decorator')
014.384  000.107  000.107: require('luasnip.util.path')
014.647  000.180  000.180: require('luasnip.util.log')
014.661  000.274  000.095: require('luasnip.loaders.util')
014.760  000.015  000.015: require('vim.F')
014.770  000.107  000.092: require('luasnip.loaders.data')
014.936  000.165  000.165: require('luasnip.loaders.fs_watchers')
014.939  000.716  000.063: require('luasnip.loaders')
014.953  001.966  000.106: require('luasnip')
014.965  003.824  000.313: sourcing /home/andyb/.local/share/nvim/lazy/LuaSnip/plugin/luasnip.lua
015.012  000.018  000.018: sourcing /home/andyb/.local/share/nvim/lazy/LuaSnip/plugin/luasnip.vim
015.379  000.194  000.194: require('cmp.utils.api')
015.467  000.031  000.031: require('cmp.types.cmp')
015.555  000.047  000.047: require('cmp.utils.misc')
015.562  000.093  000.047: require('cmp.types.lsp')
015.605  000.041  000.041: require('cmp.types.vim')
015.606  000.225  000.060: require('cmp.types')
015.654  000.047  000.047: require('cmp.utils.highlight')
015.712  000.026  000.026: require('cmp.utils.debug')
015.718  000.063  000.037: require('cmp.utils.autocmd')
015.938  000.804  000.275: sourcing /home/andyb/.local/share/nvim/lazy/nvim-cmp/plugin/cmp.lua
016.347  000.022  000.022: sourcing /home/andyb/.local/share/nvim/lazy/nvim-web-devicons/plugin/nvim-web-devicons.vim
017.039  000.042  000.042: require('nvim-tree.notify')
017.044  000.074  000.032: require('nvim-tree.events')
017.136  000.028  000.028: require('nvim-tree.log')
017.203  000.027  000.027: require('nvim-tree.iterators.node-iterator')
017.225  000.087  000.060: require('nvim-tree.utils')
017.256  000.031  000.031: require('nvim-tree.git.utils')
017.310  000.053  000.053: require('nvim-tree.git.runner')
017.353  000.042  000.042: require('nvim-tree.watcher')
017.393  000.038  000.038: require('nvim-tree.explorer.node')
017.397  000.322  000.044: require('nvim-tree.git')
017.433  000.034  000.034: require('nvim-tree.explorer.watch')
017.532  000.046  000.046: require('nvim-tree.explorer.node-builders')
017.583  000.050  000.050: require('nvim-tree.explorer.sorters')
017.676  000.035  000.035: require('nvim-tree.marks')
017.678  000.093  000.058: require('nvim-tree.explorer.filters')
017.804  000.077  000.077: require('nvim-tree.view')
017.811  000.131  000.055: require('nvim-tree.live-filter')
017.812  000.378  000.058: require('nvim-tree.explorer.explore')
017.857  000.043  000.043: require('nvim-tree.explorer.reload')
017.859  000.814  000.036: require('nvim-tree.explorer')
017.861  000.914  000.026: require('nvim-tree.core')
017.900  000.038  000.038: require('nvim-tree.renderer.components.padding')
017.940  000.038  000.038: require('nvim-tree.renderer.components.icons')
017.983  000.042  000.042: require('nvim-tree.renderer.components.full-name')
018.108  000.028  000.028: require('nvim-tree.enum')
018.149  000.039  000.039: require('nvim-tree.renderer.decorator')
018.151  000.103  000.036: require('nvim-tree.renderer.decorator.bookmarks')
018.183  000.031  000.031: require('nvim-tree.renderer.decorator.copied')
018.218  000.034  000.034: require('nvim-tree.renderer.decorator.cut')
018.297  000.043  000.043: require('nvim-tree.diagnostics')
018.604  000.305  000.305: require('vim.diagnostic')
018.610  000.391  000.044: require('nvim-tree.renderer.decorator.diagnostics')
018.690  000.078  000.078: require('nvim-tree.renderer.decorator.git')
018.793  000.056  000.056: require('nvim-tree.buffers')
018.795  000.104  000.048: require('nvim-tree.renderer.decorator.modified')
018.867  000.042  000.042: require('nvim-tree.renderer.decorator.opened')
018.874  000.890  000.107: require('nvim-tree.renderer.builder')
018.880  001.962  000.039: require('nvim-tree.renderer')
018.885  002.003  000.040: require('nvim-tree.lib')
019.171  000.285  000.285: require('nvim-tree.appearance')
019.450  000.052  000.052: require('nvim-tree.actions.finders.find-file')
019.496  000.044  000.044: require('nvim-tree.actions.finders.search-node')
019.497  000.141  000.046: require('nvim-tree.actions.finders')
019.683  000.074  000.074: require('nvim-tree.actions.reloaders')
019.688  000.148  000.074: require('nvim-tree.actions.fs.copy-paste')
019.768  000.079  000.079: require('nvim-tree.actions.fs.create-file')
019.826  000.056  000.056: require('nvim-tree.actions.fs.remove-file')
019.898  000.071  000.071: require('nvim-tree.actions.fs.rename-file')
019.958  000.058  000.058: require('nvim-tree.actions.fs.trash')
019.960  000.462  000.049: require('nvim-tree.actions.fs')
020.054  000.050  000.050: require('nvim-tree.actions.moves.item')
020.100  000.045  000.045: require('nvim-tree.actions.moves.parent')
020.180  000.079  000.079: require('nvim-tree.actions.moves.sibling')
020.182  000.221  000.048: require('nvim-tree.actions.moves')
020.324  000.077  000.077: require('nvim-tree.actions.node.file-popup')
020.480  000.155  000.155: require('nvim-tree.actions.node.open-file')
020.582  000.101  000.101: require('nvim-tree.actions.node.run-command')
020.784  000.201  000.201: require('nvim-tree.actions.node.system-open')
020.795  000.612  000.078: require('nvim-tree.actions.node')
021.081  000.105  000.105: require('nvim-tree.actions.root.change-dir')
021.140  000.058  000.058: require('nvim-tree.actions.root.dir-up')
021.142  000.346  000.183: require('nvim-tree.actions.root')
021.237  000.032  000.032: require('nvim-tree.actions.tree.find-file')
021.303  000.030  000.030: require('nvim-tree.actions.tree.modifiers.collapse-all')
021.338  000.034  000.034: require('nvim-tree.actions.tree.modifiers.expand-all')
021.371  000.031  000.031: require('nvim-tree.actions.tree.modifiers.toggles')
021.372  000.134  000.038: require('nvim-tree.actions.tree.modifiers')
021.402  000.029  000.029: require('nvim-tree.actions.tree.open')
021.434  000.030  000.030: require('nvim-tree.actions.tree.toggle')
021.435  000.292  000.067: require('nvim-tree.actions.tree')
021.436  002.154  000.080: require('nvim-tree.actions')
021.479  000.041  000.041: require('nvim-tree.appearance.diagnostics')
021.552  000.036  000.036: require('nvim-tree.keymap')
021.556  000.076  000.040: require('nvim-tree.help')
021.588  000.031  000.031: require('nvim-tree.marks.navigation')
021.623  000.034  000.034: require('nvim-tree.marks.bulk-delete')
021.655  000.031  000.031: require('nvim-tree.marks.bulk-trash')
021.683  000.027  000.027: require('nvim-tree.marks.bulk-move')
021.711  002.482  000.088: require('nvim-tree.api')
021.715  002.541  000.060: require('nvim-tree.commands')
021.746  000.030  000.030: require('nvim-tree.legacy')
021.773  005.400  000.541: require('nvim-tree')
022.807  000.326  000.326: require('nvim-web-devicons.icons-default')
022.978  000.579  000.253: require('nvim-web-devicons')
026.644  000.051  000.051: require('fidget.spinner.patterns')
026.648  000.092  000.041: require('fidget.spinner')
026.676  000.026  000.026: require('fidget.options')
026.680  000.157  000.039: require('fidget.progress.display')
026.759  000.046  000.046: require('fidget.logger')
027.063  000.071  000.071: require('vim.lsp.log')
027.422  000.356  000.356: require('vim.lsp.protocol')
027.939  000.278  000.278: require('vim.lsp._snippet_grammar')
028.010  000.067  000.067: require('vim.highlight')
028.037  000.612  000.268: require('vim.lsp.util')
028.226  000.080  000.080: require('vim.lsp.sync')
028.233  000.194  000.113: require('vim.lsp._changetracking')
028.398  000.164  000.164: require('vim.lsp.rpc')
028.453  001.692  000.295: require('vim.lsp')
028.622  000.166  000.166: require('vim.lsp.handlers')
028.627  001.945  000.041: require('fidget.progress.lsp')
028.909  000.078  000.078: require('fidget.poll')
028.914  000.159  000.081: require('fidget.notification.model')
028.997  000.082  000.082: require('fidget.notification.window')
029.073  000.074  000.074: require('fidget.notification.view')
029.084  000.400  000.085: require('fidget.notification')
029.087  000.460  000.059: require('fidget.progress.handle')
029.109  002.629  000.068: require('fidget.progress')
029.267  000.156  000.156: require('fidget.commands')
029.365  000.045  000.045: require('fidget.integration.nvim-tree')
029.414  000.048  000.048: require('fidget.integration.xcodebuild-nvim')
029.419  000.150  000.058: require('fidget.integration')
029.441  003.245  000.309: require('fidget')
030.467  000.095  000.095: sourcing /home/andyb/.local/share/nvim/lazy/nvim-lspconfig/plugin/lspconfig.lua
031.228  000.022  000.022: sourcing /home/andyb/.local/share/nvim/lazy/plenary.nvim/plugin/plenary.vim
031.751  000.399  000.399: sourcing /home/andyb/.local/share/nvim/lazy/telescope.nvim/plugin/telescope.lua
033.151  000.416  000.416: require('lualine_require')
033.439  001.355  000.939: require('lualine')
035.454  000.036  000.036: require('lualine.utils.mode')
041.468  000.164  000.164: sourcing /home/andyb/.local/share/nvim/lazy/nvim-dap/plugin/dap.lua
041.899  000.077  000.077: sourcing /home/andyb/.local/share/nvim/lazy/vim-rhubarb/plugin/rhubarb.vim
042.858  000.068  000.068: require('ibl.utils')
042.863  000.128  000.059: require('ibl.config')
042.989  000.061  000.061: require('ibl.indent')
042.994  000.130  000.068: require('ibl.hooks')
042.999  000.306  000.049: require('ibl.highlights')
043.041  000.042  000.042: require('ibl.autocmds')
043.098  000.055  000.055: require('ibl.inlay_hints')
043.152  000.051  000.051: require('ibl.virt_text')
043.393  000.191  000.191: require('ibl.scope_languages')
043.396  000.242  000.051: require('ibl.scope')
043.400  001.098  000.402: require('ibl')
043.478  000.064  000.064: require('vim.iter')
044.460  000.751  000.751: sourcing /home/andyb/.local/share/nvim/lazy/vim-fugitive/plugin/fugitive.vim
044.586  000.009  000.009: sourcing /home/andyb/.local/share/nvim/lazy/vim-fugitive/ftdetect/fugitive.vim
045.333  000.046  000.046: require('Comment.config')
045.454  000.070  000.070: require('Comment.ft')
045.460  000.125  000.055: require('Comment.utils')
045.507  000.045  000.045: require('Comment.opfunc')
045.547  000.039  000.039: require('Comment.extra')
045.550  000.609  000.354: require('Comment.api')
045.599  000.696  000.087: sourcing /home/andyb/.local/share/nvim/lazy/Comment.nvim/plugin/Comment.lua
045.661  000.033  000.033: require('Comment')
046.821  000.054  000.054: require('vim.treesitter.language')
046.853  000.029  000.029: require('vim.func')
046.894  000.038  000.038: require('vim.func._memoize')
046.904  000.208  000.087: require('vim.treesitter.query')
046.944  000.039  000.039: require('vim.treesitter._range')
046.954  000.324  000.078: require('vim.treesitter.languagetree')
046.963  000.378  000.053: require('vim.treesitter')
046.965  000.416  000.038: require('nvim-treesitter.compat')
048.635  001.543  001.543: require('nvim-treesitter.parsers')
048.746  000.109  000.109: require('nvim-treesitter.utils')
048.752  001.728  000.077: require('nvim-treesitter.ts_utils')
048.760  001.794  000.066: require('nvim-treesitter.tsrange')
048.843  000.082  000.082: require('nvim-treesitter.caching')
048.862  002.364  000.073: require('nvim-treesitter.query')
048.878  002.452  000.088: require('nvim-treesitter.configs')
048.882  002.780  000.329: require('nvim-treesitter-textobjects')
049.262  000.130  000.130: require('nvim-treesitter.info')
049.409  000.145  000.145: require('nvim-treesitter.shell_command_selectors')
049.453  000.457  000.183: require('nvim-treesitter.install')
049.519  000.065  000.065: require('nvim-treesitter.statusline')
049.608  000.087  000.087: require('nvim-treesitter.query_predicates')
049.610  000.727  000.118: require('nvim-treesitter')
049.819  000.123  000.123: require('nvim-treesitter.textobjects.shared')
049.853  000.235  000.112: require('nvim-treesitter.textobjects.select')
050.025  000.074  000.074: require('nvim-treesitter.textobjects.attach')
050.157  000.130  000.130: require('nvim-treesitter.textobjects.repeatable_move')
050.167  000.290  000.087: require('nvim-treesitter.textobjects.move')
050.557  000.099  000.099: require('nvim-treesitter.textobjects.swap')
050.721  000.081  000.081: require('nvim-treesitter.textobjects.lsp_interop')
050.818  004.728  000.515: sourcing /home/andyb/.local/share/nvim/lazy/nvim-treesitter-textobjects/plugin/nvim-treesitter-textobjects.vim
051.598  000.659  000.659: sourcing /home/andyb/.local/share/nvim/lazy/nvim-treesitter/plugin/nvim-treesitter.lua
111.928  000.208  000.208: sourcing /usr/share/nvim/runtime/plugin/editorconfig.lua
112.086  000.117  000.117: sourcing /usr/share/nvim/runtime/plugin/gzip.vim
112.325  000.218  000.218: sourcing /usr/share/nvim/runtime/plugin/man.lua
113.366  000.307  000.307: require('gitsigns.util')
113.375  000.457  000.150: require('gitsigns.cache')
113.510  000.027  000.027: require('gitsigns.system')
113.538  000.027  000.027: require('gitsigns.message')
113.568  000.029  000.029: require('gitsigns.git.version')
113.574  000.197  000.115: require('gitsigns.git')
113.618  000.039  000.039: require('vim._system')
115.364  000.181  000.181: sourcing /usr/share/nvim/runtime/pack/dist/opt/matchit/plugin/matchit.vim
115.383  003.021  002.147: sourcing /usr/share/nvim/runtime/plugin/matchit.vim
115.527  000.103  000.103: sourcing /usr/share/nvim/runtime/plugin/matchparen.vim
115.578  000.014  000.014: sourcing /usr/share/nvim/runtime/plugin/netrwPlugin.vim
115.770  000.163  000.163: sourcing /usr/share/nvim/runtime/plugin/osc52.lua
115.925  000.123  000.123: sourcing /usr/share/nvim/runtime/plugin/rplugin.vim
116.006  000.051  000.051: sourcing /usr/share/nvim/runtime/plugin/shada.vim
116.050  000.012  000.012: sourcing /usr/share/nvim/runtime/plugin/spellfile.vim
116.137  000.061  000.061: sourcing /usr/share/nvim/runtime/plugin/tarPlugin.vim
116.241  000.077  000.077: sourcing /usr/share/nvim/runtime/plugin/tohtml.lua
116.280  000.013  000.013: sourcing /usr/share/nvim/runtime/plugin/tutor.vim
116.390  000.089  000.089: sourcing /usr/share/nvim/runtime/plugin/zipPlugin.vim
116.680  000.122  000.122: sourcing /home/andyb/.local/share/nvim/lazy/indent-blankline.nvim/after/plugin/commands.lua
117.155  000.089  000.089: require('cmp.utils.char')
117.162  000.154  000.065: require('cmp.utils.str')
117.329  000.034  000.034: require('cmp.utils.buffer')
117.336  000.116  000.082: require('cmp.utils.keymap')
117.338  000.174  000.058: require('cmp.utils.feedkeys')
117.500  000.053  000.053: require('cmp.config.mapping')
117.536  000.034  000.034: require('cmp.utils.cache')
117.645  000.058  000.058: require('cmp.config.compare')
117.647  000.109  000.051: require('cmp.config.default')
117.659  000.263  000.067: require('cmp.config')
117.669  000.331  000.068: require('cmp.utils.async')
117.747  000.037  000.037: require('cmp.utils.pattern')
117.750  000.080  000.043: require('cmp.context')
117.971  000.090  000.090: require('cmp.utils.snippet')
118.020  000.047  000.047: require('cmp.matcher')
118.025  000.218  000.081: require('cmp.entry')
118.032  000.280  000.063: require('cmp.source')
118.118  000.034  000.034: require('cmp.utils.event')
118.256  000.036  000.036: require('cmp.utils.options')
118.261  000.094  000.058: require('cmp.utils.window')
118.263  000.143  000.049: require('cmp.view.docs_view')
118.335  000.071  000.071: require('cmp.view.custom_entries_view')
118.395  000.058  000.058: require('cmp.view.wildmenu_entries_view')
118.443  000.048  000.048: require('cmp.view.native_entries_view')
118.500  000.056  000.056: require('cmp.view.ghost_text_view')
118.507  000.474  000.065: require('cmp.view')
118.939  002.041  000.547: require('cmp.core')
119.046  000.040  000.040: require('cmp.config.sources')
119.080  000.032  000.032: require('cmp.config.window')
119.110  002.327  000.214: require('cmp')
119.173  000.062  000.062: require('cmp_luasnip')
119.205  002.474  000.086: sourcing /home/andyb/.local/share/nvim/lazy/cmp_luasnip/after/plugin/cmp_luasnip.lua
119.417  000.051  000.051: require('cmp_nvim_lsp.source')
119.421  000.100  000.050: require('cmp_nvim_lsp')
119.428  000.160  000.060: sourcing /home/andyb/.local/share/nvim/lazy/cmp-nvim-lsp/after/plugin/cmp_nvim_lsp.lua
120.708  000.096  000.096: require('catppuccin')
120.780  000.036  000.036: require('catppuccin.lib.hashing')
123.241  002.708  002.576: sourcing /home/andyb/.local/share/nvim/lazy/catppuccin/colors/catppuccin-frappe.vim
128.085  000.041  000.041: require('telescope._extensions')
128.091  000.089  000.047: require('telescope')
128.339  000.038  000.038: require('plenary.bit')
128.376  000.036  000.036: require('plenary.functional')
128.405  000.177  000.103: require('plenary.path')
128.421  000.232  000.056: require('plenary.strings')
128.456  000.034  000.034: require('telescope.deprecated')
128.686  000.120  000.120: require('plenary.log')
128.722  000.185  000.065: require('telescope.log')
128.910  000.034  000.034: require('plenary.compat')
128.917  000.115  000.081: require('plenary.job')
128.963  000.045  000.045: require('telescope.state')
128.977  000.254  000.094: require('telescope.utils')
128.981  000.524  000.085: require('telescope.sorters')
130.394  002.301  001.512: require('telescope.config')
131.261  000.125  000.125: require('fzf_lib')
131.267  000.210  000.085: require('telescope._extensions.fzf')
131.366  000.092  000.092: require('telescope.builtin')
131.408  003.497  000.806: require('telescopeSettings')
133.429  000.113  000.113: require('nvim-treesitter.indent')
133.842  000.062  000.062: require('nvim-treesitter.locals')
133.848  000.135  000.073: require('nvim-treesitter.incremental_selection')
133.944  000.052  000.052: require('nvim-treesitter.highlight')
133.947  002.537  002.237: require('treesitterSettings')
134.044  000.037  000.037: require('neodev')
134.086  000.040  000.040: require('neodev.config')
134.212  000.042  000.042: require('neodev.util')
134.223  000.127  000.085: require('neodev.lsp')
134.392  000.168  000.168: require('lspconfig.util')
135.202  000.402  000.402: require('mason-core.path')
135.479  000.195  000.195: require('mason-core.functional')
135.669  000.080  000.080: require('mason-core.functional.data')
135.681  000.189  000.109: require('mason-core.functional.function')
135.759  000.069  000.069: require('mason-core.functional.relation')
135.834  000.065  000.065: require('mason-core.functional.logic')
135.848  000.644  000.127: require('mason-core.platform')
135.931  000.082  000.082: require('mason.settings')
135.933  001.311  000.183: require('mason')
136.265  000.193  000.193: require('mason-core.functional.list')
136.346  000.075  000.075: require('mason-core.functional.string')
136.375  000.417  000.149: require('mason.api.command')
136.468  000.090  000.090: require('mason-registry.sources')
136.703  000.152  000.152: require('mason-core.log')
136.761  000.056  000.056: require('mason-lspconfig.settings')
136.771  000.296  000.088: require('mason-lspconfig')
136.910  000.066  000.066: require('mason-lspconfig.notify')
136.913  000.130  000.063: require('mason-lspconfig.lspconfig_hook')
137.185  000.099  000.099: require('mason-core.functional.table')
137.226  000.312  000.213: require('mason-lspconfig.mappings.server')
137.381  000.079  000.079: require('mason-core.EventEmitter')
137.449  000.067  000.067: require('mason-core.optional')
137.670  000.149  000.149: require('mason-core.async')
137.723  000.050  000.050: require('mason-core.async.uv')
137.730  000.279  000.080: require('mason-core.fs')
137.749  000.522  000.097: require('mason-registry')
137.813  000.061  000.061: require('mason-lspconfig.server_config_extensions')
138.027  000.141  000.141: require('lspconfig.async')
138.029  000.215  000.075: require('lspconfig.configs')
138.114  000.084  000.084: require('lspconfig.server_configurations.omnisharp')
138.332  000.063  000.063: require('mason-lspconfig.ensure_installed')
138.500  000.092  000.092: require('mason-core.result')
138.808  000.141  000.141: require('mason-core.process')
139.045  000.236  000.236: require('mason-core.spawn')
139.049  000.449  000.073: require('mason-core.managers.powershell')
139.103  000.053  000.053: require('mason.version')
139.105  000.574  000.073: require('mason-core.fetch')
139.167  000.060  000.060: require('mason-core.providers')
139.497  000.191  000.191: require('mason-core.purl')
139.519  000.305  000.114: require('mason-core.package')
139.792  000.100  000.100: require('mason-core.installer.registry.expr')
139.803  000.200  000.101: require('mason-core.installer.registry.link')
140.266  000.090  000.090: require('mason-core.receipt')
140.285  000.216  000.126: require('mason-core.installer.context')
140.365  000.078  000.078: require('mason-core.async.control')
140.431  000.065  000.065: require('mason-core.installer.linker')
140.436  000.460  000.100: require('mason-core.installer')
140.462  000.606  000.145: require('mason-core.installer.managers.std')
140.465  000.661  000.056: require('mason-core.installer.registry.schemas')
140.524  000.058  000.058: require('mason-core.installer.registry.util')
140.536  001.016  000.097: require('mason-core.installer.registry')
140.539  001.371  000.050: require('mason-registry.sources.util')
140.552  002.214  000.117: require('mason-registry.sources.github')
144.434  000.056  000.056: require('mason-core.functional.number')
144.458  000.171  000.115: require('mason-lspconfig.api.command')
144.593  000.061  000.061: require('lspconfig')
144.674  000.077  000.077: require('lspconfig.server_configurations.pyright')
145.111  000.086  000.086: require('lspconfig.manager')
145.171  000.051  000.051: require('lspconfig.server_configurations.gopls')
145.739  000.186  000.186: require('lspconfig.server_configurations.tsserver')
146.662  000.188  000.188: require('lspconfig.server_configurations.rust_analyzer')
147.287  000.154  000.154: require('lspconfig.server_configurations.lua_ls')
149.376  000.802  000.802: require('dap.utils')
149.517  001.739  000.937: require('dap')
149.528  015.580  006.785: require('lspSettings')
150.431  000.037  000.037: require('nio.tasks')
150.464  000.032  000.032: require('nio.control')
150.680  000.214  000.214: require('nio.uv')
150.720  000.038  000.038: require('nio.tests')
150.783  000.035  000.035: require('vim.ui')
150.794  000.073  000.038: require('nio.ui')
150.858  000.032  000.032: require('nio.streams')
150.860  000.065  000.032: require('nio.file')
150.976  000.035  000.035: require('nio.util')
151.039  000.142  000.107: require('nio.logger')
151.046  000.185  000.043: require('nio.lsp')
151.083  000.036  000.036: require('nio.process')
151.112  000.907  000.229: require('nio')
151.473  000.133  000.133: require('dapui.config.highlights')
151.553  000.314  000.181: require('dapui.config')
151.558  000.366  000.052: require('dapui.util')
151.604  000.044  000.044: require('dapui.windows.layout')
151.608  000.495  000.084: require('dapui.windows')
151.647  000.038  000.038: require('dapui.controls')
151.650  001.643  000.203: require('dapui')
151.707  000.056  000.056: require('dap-python')
151.783  000.033  000.033: require('dap-go-ts')
151.785  000.077  000.044: require('dap-go')
152.051  002.521  000.745: require('keymaps')
152.434  000.060  000.060: require('dapui.logging')
152.487  000.050  000.050: require('dapui.client.types')
152.490  000.170  000.059: require('dapui.client')
152.531  000.040  000.040: require('dap.breakpoints')
152.573  000.033  000.033: require('dapui.client.lib')
152.652  000.042  000.042: require('dapui.render.canvas')
152.654  000.074  000.032: require('dapui.elements.breakpoints')
152.762  000.042  000.042: require('dapui.components.breakpoints')
152.810  000.031  000.031: require('dapui.elements.repl')
152.841  000.029  000.029: require('dapui.elements.scopes')
152.920  000.035  000.035: require('dapui.components.scopes')
152.955  000.034  000.034: require('dapui.components.variables')
153.010  000.031  000.031: require('dapui.elements.stacks')
153.084  000.028  000.028: require('dapui.components.frames')
153.085  000.061  000.033: require('dapui.components.threads')
153.128  000.030  000.030: require('dapui.elements.watches')
153.172  000.034  000.034: require('dapui.components.watches')
153.211  000.028  000.028: require('dapui.elements.hover')
153.271  000.033  000.033: require('dapui.components.hover')
153.307  000.033  000.033: require('dapui.elements.console')
154.642  151.495  087.897: sourcing /home/andyb/.config/nvim/init.lua
154.654  000.572: sourcing vimrc file(s)
154.958  000.040  000.040: sourcing /usr/share/nvim/runtime/filetype.lua
155.245  000.063  000.063: sourcing /usr/share/nvim/runtime/syntax/synload.vim
155.392  000.359  000.296: sourcing /usr/share/nvim/runtime/syntax/syntax.vim
155.401  000.349: inits 3
157.612  002.210: reading ShaDa
158.023  000.050  000.050: require('luasnip.util.directed_graph')
158.059  000.034  000.034: require('luasnip.session.enqueueable_operations')
158.063  000.226  000.142: require('luasnip.loaders.from_lua')
158.349  000.029  000.029: require('luasnip.util.events')
158.356  000.088  000.059: require('luasnip.nodes.node')
158.421  000.064  000.064: require('luasnip.nodes.insertNode')
158.491  000.069  000.069: require('luasnip.nodes.textNode')
158.533  000.040  000.040: require('luasnip.util.mark')
158.568  000.033  000.033: require('luasnip.util.pattern_tokenizer')
158.597  000.028  000.028: require('luasnip.util.dict')
158.870  000.241  000.241: require('luasnip.util.jsregexp')
158.872  000.274  000.033: require('luasnip.nodes.util.trig_engines')
158.951  000.771  000.175: require('luasnip.nodes.snippet')
158.954  000.804  000.033: require('luasnip.nodes.duplicate')
158.955  000.835  000.031: require('luasnip.loaders.snippet_cache')
158.960  000.892  000.057: require('luasnip.loaders.from_snipmate')
159.168  000.033  000.033: require('luasnip.util.parser.neovim_ast')
159.206  000.036  000.036: require('luasnip.util.str')
159.485  000.277  000.277: require('luasnip.util.jsregexp')
159.490  000.392  000.046: require('luasnip.util.parser.ast_utils')
159.565  000.074  000.074: require('luasnip.nodes.functionNode')
159.624  000.057  000.057: require('luasnip.nodes.choiceNode')
159.673  000.048  000.048: require('luasnip.nodes.dynamicNode')
159.702  000.028  000.028: require('luasnip.util.functions')
159.706  000.646  000.047: require('luasnip.util.parser.ast_parser')
159.766  000.060  000.060: require('luasnip.util.parser.neovim_parser')
159.770  000.748  000.043: require('luasnip.util.parser')
159.802  000.031  000.031: require('luasnip.nodes.snippetProxy')
159.885  000.081  000.081: require('luasnip.util.jsonc')
159.891  000.929  000.068: require('luasnip.loaders.from_vscode')
160.025  000.367: opening buffers
170.982  000.067  000.067: require('mason-core.functional.type')
188.735  028.643: BufEnter autocommands
188.745  000.011: editing files in windows
189.024  000.232  000.232: require('which-key.plugins')
189.113  000.083  000.083: require('which-key.plugins.spelling')
189.241  000.125  000.125: require('which-key.mappings')
189.574  000.241  000.241: require('which-key.plugins.presets')
189.672  000.095  000.095: require('which-key.plugins.presets.misc')
189.757  000.073  000.073: require('which-key.plugins.registers')
190.124  000.071  000.071: require('which-key.plugins.marks')
190.701  000.103  000.103: require('which-key.colors')
203.172  013.402: VimEnter autocommands
203.667  000.495: UIEnter autocommands
204.270  000.251  000.251: sourcing /usr/share/nvim/runtime/autoload/provider/clipboard.vim
204.277  000.358: before starting main loop
204.704  000.428: first screen update
204.706  000.002: --- NVIM STARTED ---

